components/game/FlashcardManager.tsx(263,71): error TS2322: Type '{ separator: true; className: string; }' is not assignable to type 'IntrinsicAttributes & DropdownMenuProps'.
  Property 'separator' does not exist on type 'IntrinsicAttributes & DropdownMenuProps'.
components/game/FlashcardManager.tsx(278,71): error TS2322: Type '{ separator: true; className: string; }' is not assignable to type 'IntrinsicAttributes & DropdownMenuProps'.
  Property 'separator' does not exist on type 'IntrinsicAttributes & DropdownMenuProps'.
